2026-05-16 19:34:35 | INFO     | app.core.monitor_collector:collect_all_hosts_metrics:192 - Metrics collected for 1 hosts
2026-05-16 19:34:37 | INFO     | app.core.monitor_collector:collect_all_hosts_metrics:192 - Metrics collected for 1 hosts
2026-05-16 19:34:37 | INFO     | app.core.monitor_collector:collect_all_hosts_metrics:192 - Metrics collected for 1 hosts
2026-05-16 19:34:37 | INFO     | app.core.monitor_collector:collect_all_hosts_metrics:192 - Metrics collected for 1 hosts
2026-05-16 19:34:48 | INFO     | main:lifespan:108 - Shutting down...
2026-05-16 19:34:48 | INFO     | main:lifespan:108 - Shutting down...
2026-05-16 19:34:48 | INFO     | main:lifespan:121 - Cleanup complete
2026-05-16 19:34:48 | INFO     | main:lifespan:121 - Cleanup complete
2026-05-16 19:34:48 | INFO     | main:lifespan:108 - Shutting down...
2026-05-16 19:34:48 | INFO     | main:lifespan:121 - Cleanup complete
2026-05-16 19:34:48 | INFO     | main:lifespan:108 - Shutting down...
2026-05-16 19:34:48 | INFO     | main:lifespan:121 - Cleanup complete
2026-05-16 19:34:51 | INFO     | main:lifespan:80 - Starting CloudPivot in production mode
2026-05-16 19:34:51 | INFO     | main:lifespan:80 - Starting CloudPivot in production mode
2026-05-16 19:34:51 | INFO     | main:lifespan:80 - Starting CloudPivot in production mode
2026-05-16 19:34:51 | INFO     | main:lifespan:80 - Starting CloudPivot in production mode
2026-05-16 19:34:51 | INFO     | main:lifespan:86 - Database tables ensured
2026-05-16 19:34:51 | INFO     | main:lifespan:86 - Database tables ensured
2026-05-16 19:34:51 | INFO     | main:lifespan:86 - Database tables ensured
2026-05-16 19:34:51 | INFO     | main:lifespan:86 - Database tables ensured
2026-05-16 19:34:51 | INFO     | main:_ensure_default_admin:52 - Admin user already exists
2026-05-16 19:34:51 | INFO     | main:_ensure_default_admin:52 - Admin user already exists
2026-05-16 19:34:51 | INFO     | main:_ensure_default_admin:52 - Admin user already exists
2026-05-16 19:34:51 | INFO     | main:_ensure_default_admin:52 - Admin user already exists
2026-05-16 19:34:53 | INFO     | app.core.ssh_log_collector:collect_host_ssh_logs:156 - SSH log collector: inserted 6 records for host 10.0.8.35
2026-05-16 19:34:53 | WARNING  | app.core.monitor_collector:_collect_host_metrics:86 - Failed to collect metrics from host 1 (10.0.8.35): SSH connection closed
2026-05-16 19:34:53 | INFO     | app.core.monitor_collector:collect_all_hosts_metrics:192 - Metrics collected for 1 hosts
2026-05-16 19:34:53 | INFO     | app.core.ssh_log_collector:ssh_log_collector_loop:235 - SSH log collector: analyzed 0 records
2026-05-16 19:34:55 | INFO     | app.core.monitor_collector:collect_all_hosts_metrics:192 - Metrics collected for 1 hosts
2026-05-16 19:34:55 | INFO     | app.core.monitor_collector:collect_all_hosts_metrics:192 - Metrics collected for 1 hosts
2026-05-16 19:34:55 | INFO     | app.core.monitor_collector:collect_all_hosts_metrics:192 - Metrics collected for 1 hosts
2026-05-16 19:35:56 | INFO     | app.core.monitor_collector:collect_all_hosts_metrics:192 - Metrics collected for 1 hosts
2026-05-16 19:35:57 | INFO     | app.core.monitor_collector:collect_all_hosts_metrics:192 - Metrics collected for 1 hosts
2026-05-16 19:35:57 | INFO     | app.core.monitor_collector:collect_all_hosts_metrics:192 - Metrics collected for 1 hosts
2026-05-16 19:35:57 | INFO     | app.core.monitor_collector:collect_all_hosts_metrics:192 - Metrics collected for 1 hosts
2026-05-16 19:36:57 | INFO     | app.core.monitor_collector:collect_all_hosts_metrics:192 - Metrics collected for 1 hosts
2026-05-16 19:36:59 | INFO     | app.core.monitor_collector:collect_all_hosts_metrics:192 - Metrics collected for 1 hosts
2026-05-16 19:36:59 | INFO     | app.core.monitor_collector:collect_all_hosts_metrics:192 - Metrics collected for 1 hosts
2026-05-16 19:36:59 | INFO     | app.core.monitor_collector:collect_all_hosts_metrics:192 - Metrics collected for 1 hosts
2026-05-16 19:37:59 | INFO     | app.core.monitor_collector:collect_all_hosts_metrics:192 - Metrics collected for 1 hosts
2026-05-16 19:38:01 | INFO     | app.core.monitor_collector:collect_all_hosts_metrics:192 - Metrics collected for 1 hosts
2026-05-16 19:38:01 | INFO     | app.core.monitor_collector:collect_all_hosts_metrics:192 - Metrics collected for 1 hosts
2026-05-16 19:38:01 | INFO     | app.core.monitor_collector:collect_all_hosts_metrics:192 - Metrics collected for 1 hosts
2026-05-16 19:38:11 | INFO     | main:lifespan:108 - Shutting down...
2026-05-16 19:38:11 | INFO     | main:lifespan:121 - Cleanup complete
2026-05-16 19:38:11 | INFO     | main:lifespan:108 - Shutting down...
2026-05-16 19:38:11 | INFO     | main:lifespan:108 - Shutting down...
2026-05-16 19:38:11 | INFO     | main:lifespan:121 - Cleanup complete
2026-05-16 19:38:11 | INFO     | main:lifespan:108 - Shutting down...
2026-05-16 19:38:11 | INFO     | main:lifespan:121 - Cleanup complete
2026-05-16 19:38:11 | INFO     | main:lifespan:121 - Cleanup complete
2026-05-16 19:38:13 | INFO     | main:lifespan:80 - Starting CloudPivot in production mode
2026-05-16 19:38:13 | INFO     | main:lifespan:80 - Starting CloudPivot in production mode
2026-05-16 19:38:13 | INFO     | main:lifespan:80 - Starting CloudPivot in production mode
2026-05-16 19:38:13 | INFO     | main:lifespan:80 - Starting CloudPivot in production mode
2026-05-16 19:38:13 | INFO     | main:lifespan:86 - Database tables ensured
2026-05-16 19:38:13 | INFO     | main:lifespan:86 - Database tables ensured
2026-05-16 19:38:13 | INFO     | main:lifespan:86 - Database tables ensured
2026-05-16 19:38:13 | INFO     | main:lifespan:86 - Database tables ensured
2026-05-16 19:38:13 | INFO     | main:_ensure_default_admin:52 - Admin user already exists
2026-05-16 19:38:13 | INFO     | main:_ensure_default_admin:52 - Admin user already exists
2026-05-16 19:38:13 | INFO     | main:_ensure_default_admin:52 - Admin user already exists
2026-05-16 19:38:13 | INFO     | main:_ensure_default_admin:52 - Admin user already exists
2026-05-16 19:38:15 | INFO     | app.core.ssh_log_collector:collect_host_ssh_logs:156 - SSH log collector: inserted 3 records for host 10.0.8.35
2026-05-16 19:38:15 | WARNING  | app.core.monitor_collector:_collect_host_metrics:86 - Failed to collect metrics from host 1 (10.0.8.35): SSH connection closed
2026-05-16 19:38:15 | INFO     | app.core.monitor_collector:collect_all_hosts_metrics:192 - Metrics collected for 1 hosts
2026-05-16 19:38:15 | INFO     | app.core.ssh_log_collector:collect_host_ssh_logs:156 - SSH log collector: inserted 3 records for host 10.0.8.35
2026-05-16 19:38:15 | INFO     | app.core.ssh_log_collector:collect_host_ssh_logs:156 - SSH log collector: inserted 3 records for host 10.0.8.35
2026-05-16 19:38:15 | INFO     | app.core.ssh_log_collector:collect_host_ssh_logs:156 - SSH log collector: inserted 3 records for host 10.0.8.35
2026-05-16 19:38:15 | INFO     | app.core.ssh_log_collector:ssh_log_collector_loop:235 - SSH log collector: analyzed 0 records
2026-05-16 19:38:15 | INFO     | app.core.ssh_log_collector:ssh_log_collector_loop:235 - SSH log collector: analyzed 0 records
2026-05-16 19:38:15 | INFO     | app.core.ssh_log_collector:ssh_log_collector_loop:235 - SSH log collector: analyzed 0 records
2026-05-16 19:38:15 | INFO     | app.core.ssh_log_collector:ssh_log_collector_loop:235 - SSH log collector: analyzed 0 records
2026-05-16 19:38:16 | INFO     | app.core.monitor_collector:collect_all_hosts_metrics:192 - Metrics collected for 1 hosts
2026-05-16 19:38:16 | INFO     | app.core.monitor_collector:collect_all_hosts_metrics:192 - Metrics collected for 1 hosts
2026-05-16 19:38:16 | INFO     | app.core.monitor_collector:collect_all_hosts_metrics:192 - Metrics collected for 1 hosts
2026-05-16 19:38:28 | INFO     | main:lifespan:108 - Shutting down...
2026-05-16 19:38:28 | INFO     | main:lifespan:121 - Cleanup complete
2026-05-16 19:38:28 | INFO     | main:lifespan:108 - Shutting down...
2026-05-16 19:38:28 | INFO     | main:lifespan:108 - Shutting down...
2026-05-16 19:38:28 | INFO     | main:lifespan:121 - Cleanup complete
2026-05-16 19:38:28 | INFO     | main:lifespan:121 - Cleanup complete
2026-05-16 19:38:28 | INFO     | main:lifespan:108 - Shutting down...
2026-05-16 19:38:28 | INFO     | main:lifespan:121 - Cleanup complete
2026-05-16 19:38:31 | INFO     | main:lifespan:80 - Starting CloudPivot in production mode
2026-05-16 19:38:31 | INFO     | main:lifespan:80 - Starting CloudPivot in production mode
2026-05-16 19:38:31 | INFO     | main:lifespan:80 - Starting CloudPivot in production mode
2026-05-16 19:38:31 | INFO     | main:lifespan:80 - Starting CloudPivot in production mode
2026-05-16 19:38:31 | INFO     | main:lifespan:86 - Database tables ensured
2026-05-16 19:38:31 | INFO     | main:lifespan:86 - Database tables ensured
2026-05-16 19:38:31 | INFO     | main:lifespan:86 - Database tables ensured
2026-05-16 19:38:31 | INFO     | main:lifespan:86 - Database tables ensured
2026-05-16 19:38:32 | INFO     | main:_ensure_default_admin:52 - Admin user already exists
2026-05-16 19:38:32 | INFO     | main:_ensure_default_admin:52 - Admin user already exists
2026-05-16 19:38:32 | INFO     | main:_ensure_default_admin:52 - Admin user already exists
2026-05-16 19:38:32 | INFO     | main:_ensure_default_admin:52 - Admin user already exists
2026-05-16 19:38:32 | INFO     | app.core.ssh_log_collector:collect_host_ssh_logs:156 - SSH log collector: inserted 1 records for host 10.0.8.35
2026-05-16 19:38:32 | INFO     | app.core.ssh_log_collector:collect_host_ssh_logs:156 - SSH log collector: inserted 1 records for host 10.0.8.35
2026-05-16 19:38:32 | INFO     | app.core.ssh_log_collector:collect_host_ssh_logs:156 - SSH log collector: inserted 1 records for host 10.0.8.35
2026-05-16 19:38:32 | INFO     | app.core.ssh_log_collector:collect_host_ssh_logs:156 - SSH log collector: inserted 1 records for host 10.0.8.35
2026-05-16 19:38:32 | INFO     | app.core.ssh_log_collector:ssh_log_collector_loop:235 - SSH log collector: analyzed 0 records
2026-05-16 19:38:32 | INFO     | app.core.ssh_log_collector:ssh_log_collector_loop:235 - SSH log collector: analyzed 0 records
2026-05-16 19:38:32 | INFO     | app.core.ssh_log_collector:ssh_log_collector_loop:235 - SSH log collector: analyzed 0 records
2026-05-16 19:38:32 | INFO     | app.core.ssh_log_collector:ssh_log_collector_loop:235 - SSH log collector: analyzed 0 records
2026-05-16 19:38:34 | INFO     | app.core.monitor_collector:collect_all_hosts_metrics:192 - Metrics collected for 1 hosts
2026-05-16 19:38:34 | INFO     | app.core.monitor_collector:collect_all_hosts_metrics:192 - Metrics collected for 1 hosts
2026-05-16 19:38:34 | INFO     | app.core.monitor_collector:collect_all_hosts_metrics:192 - Metrics collected for 1 hosts
2026-05-16 19:38:34 | INFO     | app.core.monitor_collector:collect_all_hosts_metrics:192 - Metrics collected for 1 hosts
2026-05-16 19:39:37 | INFO     | app.core.monitor_collector:collect_all_hosts_metrics:192 - Metrics collected for 1 hosts
2026-05-16 19:39:37 | INFO     | app.core.monitor_collector:collect_all_hosts_metrics:192 - Metrics collected for 1 hosts
2026-05-16 19:39:37 | INFO     | app.core.monitor_collector:collect_all_hosts_metrics:192 - Metrics collected for 1 hosts
2026-05-16 19:39:37 | INFO     | app.core.monitor_collector:collect_all_hosts_metrics:192 - Metrics collected for 1 hosts
2026-05-16 19:40:39 | INFO     | app.core.monitor_collector:collect_all_hosts_metrics:192 - Metrics collected for 1 hosts
2026-05-16 19:40:39 | INFO     | app.core.monitor_collector:collect_all_hosts_metrics:192 - Metrics collected for 1 hosts
2026-05-16 19:40:39 | INFO     | app.core.monitor_collector:collect_all_hosts_metrics:192 - Metrics collected for 1 hosts
2026-05-16 19:40:39 | INFO     | app.core.monitor_collector:collect_all_hosts_metrics:192 - Metrics collected for 1 hosts
2026-05-16 19:41:40 | INFO     | app.core.monitor_collector:collect_all_hosts_metrics:192 - Metrics collected for 1 hosts
2026-05-16 19:41:40 | INFO     | app.core.monitor_collector:collect_all_hosts_metrics:192 - Metrics collected for 1 hosts
2026-05-16 19:41:41 | INFO     | app.core.monitor_collector:collect_all_hosts_metrics:192 - Metrics collected for 1 hosts
2026-05-16 19:41:41 | INFO     | app.core.monitor_collector:collect_all_hosts_metrics:192 - Metrics collected for 1 hosts
2026-05-16 19:42:42 | INFO     | app.core.monitor_collector:collect_all_hosts_metrics:192 - Metrics collected for 1 hosts
2026-05-16 19:42:42 | INFO     | app.core.monitor_collector:collect_all_hosts_metrics:192 - Metrics collected for 1 hosts
2026-05-16 19:42:42 | INFO     | app.core.monitor_collector:collect_all_hosts_metrics:192 - Metrics collected for 1 hosts
2026-05-16 19:42:42 | INFO     | app.core.monitor_collector:collect_all_hosts_metrics:192 - Metrics collected for 1 hosts
2026-05-16 19:43:33 | INFO     | app.core.ssh_log_collector:collect_host_ssh_logs:156 - SSH log collector: inserted 2 records for host 10.0.8.35
2026-05-16 19:43:33 | INFO     | app.core.ssh_log_collector:collect_host_ssh_logs:156 - SSH log collector: inserted 2 records for host 10.0.8.35
2026-05-16 19:43:33 | INFO     | app.core.ssh_log_collector:collect_host_ssh_logs:156 - SSH log collector: inserted 2 records for host 10.0.8.35
2026-05-16 19:43:33 | INFO     | app.core.ssh_log_collector:collect_host_ssh_logs:156 - SSH log collector: inserted 2 records for host 10.0.8.35
2026-05-16 19:43:33 | INFO     | app.core.ssh_log_collector:ssh_log_collector_loop:235 - SSH log collector: analyzed 0 records
2026-05-16 19:43:33 | INFO     | app.core.ssh_log_collector:ssh_log_collector_loop:235 - SSH log collector: analyzed 0 records
2026-05-16 19:43:33 | INFO     | app.core.ssh_log_collector:ssh_log_collector_loop:235 - SSH log collector: analyzed 0 records
2026-05-16 19:43:33 | INFO     | app.core.ssh_log_collector:ssh_log_collector_loop:235 - SSH log collector: analyzed 0 records
2026-05-16 19:43:45 | INFO     | app.core.monitor_collector:collect_all_hosts_metrics:192 - Metrics collected for 1 hosts
2026-05-16 19:43:45 | INFO     | app.core.monitor_collector:collect_all_hosts_metrics:192 - Metrics collected for 1 hosts
2026-05-16 19:43:45 | INFO     | app.core.monitor_collector:collect_all_hosts_metrics:192 - Metrics collected for 1 hosts
2026-05-16 19:43:45 | INFO     | app.core.monitor_collector:collect_all_hosts_metrics:192 - Metrics collected for 1 hosts
2026-05-16 19:44:47 | INFO     | app.core.monitor_collector:collect_all_hosts_metrics:192 - Metrics collected for 1 hosts
2026-05-16 19:44:47 | INFO     | app.core.monitor_collector:collect_all_hosts_metrics:192 - Metrics collected for 1 hosts
2026-05-16 19:44:47 | INFO     | app.core.monitor_collector:collect_all_hosts_metrics:192 - Metrics collected for 1 hosts
2026-05-16 19:44:47 | INFO     | app.core.monitor_collector:collect_all_hosts_metrics:192 - Metrics collected for 1 hosts
2026-05-16 19:45:49 | INFO     | app.core.monitor_collector:collect_all_hosts_metrics:192 - Metrics collected for 1 hosts
2026-05-16 19:45:49 | INFO     | app.core.monitor_collector:collect_all_hosts_metrics:192 - Metrics collected for 1 hosts
2026-05-16 19:45:49 | INFO     | app.core.monitor_collector:collect_all_hosts_metrics:192 - Metrics collected for 1 hosts
2026-05-16 19:45:49 | INFO     | app.core.monitor_collector:collect_all_hosts_metrics:192 - Metrics collected for 1 hosts
2026-05-16 19:46:51 | INFO     | app.core.monitor_collector:collect_all_hosts_metrics:192 - Metrics collected for 1 hosts
2026-05-16 19:46:51 | INFO     | app.core.monitor_collector:collect_all_hosts_metrics:192 - Metrics collected for 1 hosts
2026-05-16 19:46:51 | INFO     | app.core.monitor_collector:collect_all_hosts_metrics:192 - Metrics collected for 1 hosts
2026-05-16 19:46:51 | INFO     | app.core.monitor_collector:collect_all_hosts_metrics:192 - Metrics collected for 1 hosts
2026-05-16 19:47:53 | INFO     | app.core.monitor_collector:collect_all_hosts_metrics:192 - Metrics collected for 1 hosts
2026-05-16 19:47:53 | INFO     | app.core.monitor_collector:collect_all_hosts_metrics:192 - Metrics collected for 1 hosts
2026-05-16 19:47:53 | INFO     | app.core.monitor_collector:collect_all_hosts_metrics:192 - Metrics collected for 1 hosts
2026-05-16 19:47:53 | INFO     | app.core.monitor_collector:collect_all_hosts_metrics:192 - Metrics collected for 1 hosts
2026-05-16 19:48:33 | INFO     | app.core.ssh_log_collector:collect_host_ssh_logs:156 - SSH log collector: inserted 1 records for host 10.0.8.35
2026-05-16 19:48:33 | INFO     | app.core.ssh_log_collector:ssh_log_collector_loop:235 - SSH log collector: analyzed 0 records
2026-05-16 19:48:58 | INFO     | app.core.monitor_collector:collect_all_hosts_metrics:192 - Metrics collected for 1 hosts
2026-05-16 19:48:59 | INFO     | app.core.monitor_collector:collect_all_hosts_metrics:192 - Metrics collected for 1 hosts
2026-05-16 19:48:59 | INFO     | app.core.monitor_collector:collect_all_hosts_metrics:192 - Metrics collected for 1 hosts
2026-05-16 19:48:59 | INFO     | app.core.monitor_collector:collect_all_hosts_metrics:192 - Metrics collected for 1 hosts
2026-05-16 19:50:00 | INFO     | app.core.monitor_collector:collect_all_hosts_metrics:192 - Metrics collected for 1 hosts
2026-05-16 19:50:01 | INFO     | app.core.monitor_collector:collect_all_hosts_metrics:192 - Metrics collected for 1 hosts
2026-05-16 19:50:01 | INFO     | app.core.monitor_collector:collect_all_hosts_metrics:192 - Metrics collected for 1 hosts
2026-05-16 19:50:01 | INFO     | app.core.monitor_collector:collect_all_hosts_metrics:192 - Metrics collected for 1 hosts
2026-05-16 19:51:02 | INFO     | app.core.monitor_collector:collect_all_hosts_metrics:192 - Metrics collected for 1 hosts
2026-05-16 19:51:02 | INFO     | app.core.monitor_collector:collect_all_hosts_metrics:192 - Metrics collected for 1 hosts
2026-05-16 19:51:02 | INFO     | app.core.monitor_collector:collect_all_hosts_metrics:192 - Metrics collected for 1 hosts
2026-05-16 19:51:02 | INFO     | app.core.monitor_collector:collect_all_hosts_metrics:192 - Metrics collected for 1 hosts
2026-05-16 19:52:04 | INFO     | app.core.monitor_collector:collect_all_hosts_metrics:192 - Metrics collected for 1 hosts
2026-05-16 19:52:04 | INFO     | app.core.monitor_collector:collect_all_hosts_metrics:192 - Metrics collected for 1 hosts
2026-05-16 19:52:04 | INFO     | app.core.monitor_collector:collect_all_hosts_metrics:192 - Metrics collected for 1 hosts
2026-05-16 19:52:04 | INFO     | app.core.monitor_collector:collect_all_hosts_metrics:192 - Metrics collected for 1 hosts
2026-05-16 19:53:01 | INFO     | main:lifespan:108 - Shutting down...
2026-05-16 19:53:01 | INFO     | main:lifespan:108 - Shutting down...
2026-05-16 19:53:01 | INFO     | main:lifespan:108 - Shutting down...
2026-05-16 19:53:01 | INFO     | main:lifespan:121 - Cleanup complete
2026-05-16 19:53:01 | INFO     | main:lifespan:121 - Cleanup complete
2026-05-16 19:53:01 | INFO     | main:lifespan:121 - Cleanup complete
2026-05-16 19:53:01 | INFO     | main:lifespan:108 - Shutting down...
2026-05-16 19:53:01 | INFO     | main:lifespan:121 - Cleanup complete
2026-05-16 19:53:05 | INFO     | main:lifespan:80 - Starting CloudPivot in production mode
2026-05-16 19:53:05 | INFO     | main:lifespan:80 - Starting CloudPivot in production mode
2026-05-16 19:53:05 | INFO     | main:lifespan:80 - Starting CloudPivot in production mode
2026-05-16 19:53:05 | INFO     | main:lifespan:80 - Starting CloudPivot in production mode
2026-05-16 19:53:05 | INFO     | main:lifespan:86 - Database tables ensured
2026-05-16 19:53:05 | INFO     | main:lifespan:86 - Database tables ensured
2026-05-16 19:53:05 | INFO     | main:lifespan:86 - Database tables ensured
2026-05-16 19:53:05 | INFO     | main:lifespan:86 - Database tables ensured
2026-05-16 19:53:05 | INFO     | main:_ensure_default_admin:52 - Admin user already exists
2026-05-16 19:53:05 | INFO     | main:_ensure_default_admin:52 - Admin user already exists
2026-05-16 19:53:05 | INFO     | main:_ensure_default_admin:52 - Admin user already exists
2026-05-16 19:53:05 | INFO     | main:_ensure_default_admin:52 - Admin user already exists
2026-05-16 19:53:06 | INFO     | app.core.ssh_log_collector:collect_host_ssh_logs:156 - SSH log collector: inserted 2 records for host 10.0.8.35
2026-05-16 19:53:06 | INFO     | app.core.ssh_log_collector:collect_host_ssh_logs:156 - SSH log collector: inserted 2 records for host 10.0.8.35
2026-05-16 19:53:06 | INFO     | app.core.ssh_log_collector:ssh_log_collector_loop:235 - SSH log collector: analyzed 0 records
2026-05-16 19:53:06 | INFO     | app.core.ssh_log_collector:collect_host_ssh_logs:156 - SSH log collector: inserted 2 records for host 10.0.8.35
2026-05-16 19:53:06 | INFO     | app.core.ssh_log_collector:ssh_log_collector_loop:235 - SSH log collector: analyzed 0 records
2026-05-16 19:53:06 | INFO     | app.core.ssh_log_collector:ssh_log_collector_loop:235 - SSH log collector: analyzed 0 records
2026-05-16 19:53:08 | INFO     | app.core.monitor_collector:collect_all_hosts_metrics:192 - Metrics collected for 1 hosts
2026-05-16 19:53:08 | INFO     | app.core.monitor_collector:collect_all_hosts_metrics:192 - Metrics collected for 1 hosts
2026-05-16 19:53:08 | INFO     | app.core.monitor_collector:collect_all_hosts_metrics:192 - Metrics collected for 1 hosts
2026-05-16 19:53:08 | INFO     | app.core.monitor_collector:collect_all_hosts_metrics:192 - Metrics collected for 1 hosts
2026-05-16 19:54:11 | INFO     | app.core.monitor_collector:collect_all_hosts_metrics:192 - Metrics collected for 1 hosts
2026-05-16 19:54:11 | INFO     | app.core.monitor_collector:collect_all_hosts_metrics:192 - Metrics collected for 1 hosts
2026-05-16 19:54:11 | INFO     | app.core.monitor_collector:collect_all_hosts_metrics:192 - Metrics collected for 1 hosts
2026-05-16 19:54:11 | INFO     | app.core.monitor_collector:collect_all_hosts_metrics:192 - Metrics collected for 1 hosts
2026-05-16 19:54:32 | INFO     | main:lifespan:108 - Shutting down...
2026-05-16 19:54:32 | INFO     | main:lifespan:108 - Shutting down...
2026-05-16 19:54:32 | INFO     | main:lifespan:121 - Cleanup complete
2026-05-16 19:54:32 | INFO     | main:lifespan:121 - Cleanup complete
2026-05-16 19:54:32 | INFO     | main:lifespan:108 - Shutting down...
2026-05-16 19:54:32 | INFO     | main:lifespan:121 - Cleanup complete
2026-05-16 19:54:32 | INFO     | main:lifespan:108 - Shutting down...
2026-05-16 19:54:32 | INFO     | main:lifespan:121 - Cleanup complete
2026-05-16 19:54:35 | INFO     | main:lifespan:80 - Starting CloudPivot in production mode
2026-05-16 19:54:35 | INFO     | main:lifespan:80 - Starting CloudPivot in production mode
2026-05-16 19:54:35 | INFO     | main:lifespan:80 - Starting CloudPivot in production mode
2026-05-16 19:54:35 | INFO     | main:lifespan:80 - Starting CloudPivot in production mode
2026-05-16 19:54:35 | INFO     | main:lifespan:86 - Database tables ensured
2026-05-16 19:54:35 | INFO     | main:lifespan:86 - Database tables ensured
2026-05-16 19:54:35 | INFO     | main:lifespan:86 - Database tables ensured
2026-05-16 19:54:35 | INFO     | main:lifespan:86 - Database tables ensured
2026-05-16 19:54:35 | INFO     | main:_ensure_default_admin:52 - Admin user already exists
2026-05-16 19:54:35 | INFO     | main:_ensure_default_admin:52 - Admin user already exists
2026-05-16 19:54:35 | INFO     | main:_ensure_default_admin:52 - Admin user already exists
2026-05-16 19:54:35 | INFO     | main:_ensure_default_admin:52 - Admin user already exists
2026-05-16 19:54:36 | INFO     | app.core.ssh_log_collector:collect_host_ssh_logs:156 - SSH log collector: inserted 2 records for host 10.0.8.35
2026-05-16 19:54:36 | INFO     | app.core.ssh_log_collector:collect_host_ssh_logs:156 - SSH log collector: inserted 2 records for host 10.0.8.35
2026-05-16 19:54:36 | INFO     | app.core.ssh_log_collector:ssh_log_collector_loop:235 - SSH log collector: analyzed 0 records
2026-05-16 19:54:36 | INFO     | app.core.ssh_log_collector:ssh_log_collector_loop:235 - SSH log collector: analyzed 0 records
2026-05-16 19:54:38 | INFO     | app.core.monitor_collector:collect_all_hosts_metrics:192 - Metrics collected for 1 hosts
2026-05-16 19:54:38 | INFO     | app.core.monitor_collector:collect_all_hosts_metrics:192 - Metrics collected for 1 hosts
2026-05-16 19:54:38 | INFO     | app.core.monitor_collector:collect_all_hosts_metrics:192 - Metrics collected for 1 hosts
2026-05-16 19:54:38 | INFO     | app.core.monitor_collector:collect_all_hosts_metrics:192 - Metrics collected for 1 hosts
2026-05-16 19:55:33 | INFO     | main:lifespan:108 - Shutting down...
2026-05-16 19:55:33 | INFO     | main:lifespan:108 - Shutting down...
2026-05-16 19:55:33 | INFO     | main:lifespan:108 - Shutting down...
2026-05-16 19:55:33 | INFO     | main:lifespan:121 - Cleanup complete
2026-05-16 19:55:33 | INFO     | main:lifespan:121 - Cleanup complete
2026-05-16 19:55:33 | INFO     | main:lifespan:121 - Cleanup complete
2026-05-16 19:55:33 | INFO     | main:lifespan:108 - Shutting down...
2026-05-16 19:55:33 | INFO     | main:lifespan:121 - Cleanup complete
2026-05-16 19:55:35 | INFO     | main:lifespan:80 - Starting CloudPivot in production mode
2026-05-16 19:55:35 | INFO     | main:lifespan:80 - Starting CloudPivot in production mode
2026-05-16 19:55:35 | INFO     | main:lifespan:80 - Starting CloudPivot in production mode
2026-05-16 19:55:35 | INFO     | main:lifespan:80 - Starting CloudPivot in production mode
2026-05-16 19:55:35 | INFO     | main:lifespan:86 - Database tables ensured
2026-05-16 19:55:35 | INFO     | main:lifespan:86 - Database tables ensured
2026-05-16 19:55:35 | INFO     | main:lifespan:86 - Database tables ensured
2026-05-16 19:55:35 | INFO     | main:lifespan:86 - Database tables ensured
2026-05-16 19:55:35 | INFO     | main:_ensure_default_admin:52 - Admin user already exists
2026-05-16 19:55:35 | INFO     | main:_ensure_default_admin:52 - Admin user already exists
2026-05-16 19:55:35 | INFO     | main:_ensure_default_admin:52 - Admin user already exists
2026-05-16 19:55:35 | INFO     | main:_ensure_default_admin:52 - Admin user already exists
2026-05-16 19:55:36 | INFO     | app.core.ssh_log_collector:collect_host_ssh_logs:156 - SSH log collector: inserted 1 records for host 10.0.8.35
2026-05-16 19:55:36 | INFO     | app.core.ssh_log_collector:collect_host_ssh_logs:156 - SSH log collector: inserted 1 records for host 10.0.8.35
2026-05-16 19:55:36 | INFO     | app.core.ssh_log_collector:ssh_log_collector_loop:235 - SSH log collector: analyzed 0 records
2026-05-16 19:55:36 | INFO     | app.core.ssh_log_collector:ssh_log_collector_loop:235 - SSH log collector: analyzed 0 records
2026-05-16 19:55:38 | INFO     | app.core.monitor_collector:collect_all_hosts_metrics:192 - Metrics collected for 1 hosts
2026-05-16 19:55:38 | INFO     | app.core.monitor_collector:collect_all_hosts_metrics:192 - Metrics collected for 1 hosts
2026-05-16 19:55:38 | INFO     | app.core.monitor_collector:collect_all_hosts_metrics:192 - Metrics collected for 1 hosts
2026-05-16 19:55:38 | INFO     | app.core.monitor_collector:collect_all_hosts_metrics:192 - Metrics collected for 1 hosts
2026-05-16 19:56:41 | INFO     | app.core.monitor_collector:collect_all_hosts_metrics:192 - Metrics collected for 1 hosts
2026-05-16 19:56:41 | INFO     | app.core.monitor_collector:collect_all_hosts_metrics:192 - Metrics collected for 1 hosts
2026-05-16 19:56:41 | INFO     | app.core.monitor_collector:collect_all_hosts_metrics:192 - Metrics collected for 1 hosts
2026-05-16 19:56:41 | INFO     | app.core.monitor_collector:collect_all_hosts_metrics:192 - Metrics collected for 1 hosts
2026-05-16 19:57:42 | INFO     | app.core.monitor_collector:collect_all_hosts_metrics:192 - Metrics collected for 1 hosts
2026-05-16 19:57:42 | INFO     | app.core.monitor_collector:collect_all_hosts_metrics:192 - Metrics collected for 1 hosts
2026-05-16 19:57:42 | INFO     | app.core.monitor_collector:collect_all_hosts_metrics:192 - Metrics collected for 1 hosts
2026-05-16 19:57:43 | INFO     | app.core.monitor_collector:collect_all_hosts_metrics:192 - Metrics collected for 1 hosts
2026-05-16 19:57:47 | INFO     | main:lifespan:108 - Shutting down...
2026-05-16 19:57:47 | INFO     | main:lifespan:108 - Shutting down...
2026-05-16 19:57:47 | INFO     | main:lifespan:121 - Cleanup complete
2026-05-16 19:57:47 | INFO     | main:lifespan:121 - Cleanup complete
2026-05-16 19:57:47 | INFO     | main:lifespan:108 - Shutting down...
2026-05-16 19:57:47 | INFO     | main:lifespan:108 - Shutting down...
2026-05-16 19:57:47 | INFO     | main:lifespan:121 - Cleanup complete
2026-05-16 19:57:47 | INFO     | main:lifespan:121 - Cleanup complete
2026-05-16 19:57:51 | INFO     | main:lifespan:80 - Starting CloudPivot in production mode
2026-05-16 19:57:51 | INFO     | main:lifespan:80 - Starting CloudPivot in production mode
2026-05-16 19:57:51 | INFO     | main:lifespan:80 - Starting CloudPivot in production mode
2026-05-16 19:57:51 | INFO     | main:lifespan:80 - Starting CloudPivot in production mode
2026-05-16 19:57:51 | INFO     | main:lifespan:86 - Database tables ensured
2026-05-16 19:57:51 | INFO     | main:lifespan:86 - Database tables ensured
2026-05-16 19:57:51 | INFO     | main:lifespan:86 - Database tables ensured
2026-05-16 19:57:51 | INFO     | main:lifespan:86 - Database tables ensured
2026-05-16 19:57:51 | INFO     | main:_ensure_default_admin:52 - Admin user already exists
2026-05-16 19:57:51 | INFO     | main:_ensure_default_admin:52 - Admin user already exists
2026-05-16 19:57:51 | INFO     | main:_ensure_default_admin:52 - Admin user already exists
2026-05-16 19:57:51 | INFO     | main:_ensure_default_admin:52 - Admin user already exists
2026-05-16 19:57:52 | INFO     | app.core.ssh_log_collector:collect_host_ssh_logs:156 - SSH log collector: inserted 3 records for host 10.0.8.35
2026-05-16 19:57:52 | INFO     | app.core.ssh_log_collector:collect_host_ssh_logs:156 - SSH log collector: inserted 3 records for host 10.0.8.35
2026-05-16 19:57:52 | INFO     | app.core.ssh_log_collector:collect_host_ssh_logs:156 - SSH log collector: inserted 3 records for host 10.0.8.35
2026-05-16 19:57:52 | INFO     | app.core.ssh_log_collector:collect_host_ssh_logs:156 - SSH log collector: inserted 3 records for host 10.0.8.35
2026-05-16 19:57:52 | INFO     | app.core.ssh_log_collector:ssh_log_collector_loop:235 - SSH log collector: analyzed 0 records
2026-05-16 19:57:52 | INFO     | app.core.ssh_log_collector:ssh_log_collector_loop:235 - SSH log collector: analyzed 0 records
2026-05-16 19:57:52 | INFO     | app.core.ssh_log_collector:ssh_log_collector_loop:235 - SSH log collector: analyzed 0 records
2026-05-16 19:57:52 | INFO     | app.core.ssh_log_collector:ssh_log_collector_loop:235 - SSH log collector: analyzed 0 records
2026-05-16 19:57:54 | INFO     | app.core.monitor_collector:collect_all_hosts_metrics:192 - Metrics collected for 1 hosts
2026-05-16 19:57:54 | INFO     | app.core.monitor_collector:collect_all_hosts_metrics:192 - Metrics collected for 1 hosts
2026-05-16 19:57:54 | INFO     | app.core.monitor_collector:collect_all_hosts_metrics:192 - Metrics collected for 1 hosts
2026-05-16 19:57:54 | INFO     | app.core.monitor_collector:collect_all_hosts_metrics:192 - Metrics collected for 1 hosts
2026-05-16 19:57:58 | ERROR    | app.routers.webssh:read_ws:297 - WebSSH read_ws error: utf_8_encode() argument 1 must be str, not bytes
2026-05-16 19:58:03 | ERROR    | app.routers.webssh:read_ws:297 - WebSSH read_ws error: utf_8_encode() argument 1 must be str, not bytes
2026-05-16 19:58:51 | ERROR    | app.routers.webssh:read_ws:297 - WebSSH read_ws error: utf_8_encode() argument 1 must be str, not bytes
2026-05-16 19:58:56 | INFO     | app.core.monitor_collector:collect_all_hosts_metrics:192 - Metrics collected for 1 hosts
2026-05-16 19:58:56 | INFO     | app.core.monitor_collector:collect_all_hosts_metrics:192 - Metrics collected for 1 hosts
2026-05-16 19:58:56 | INFO     | app.core.monitor_collector:collect_all_hosts_metrics:192 - Metrics collected for 1 hosts
2026-05-16 19:58:56 | INFO     | app.core.monitor_collector:collect_all_hosts_metrics:192 - Metrics collected for 1 hosts
2026-05-16 19:59:58 | INFO     | app.core.monitor_collector:collect_all_hosts_metrics:192 - Metrics collected for 1 hosts
2026-05-16 19:59:58 | INFO     | app.core.monitor_collector:collect_all_hosts_metrics:192 - Metrics collected for 1 hosts
2026-05-16 19:59:58 | INFO     | app.core.monitor_collector:collect_all_hosts_metrics:192 - Metrics collected for 1 hosts
2026-05-16 19:59:58 | INFO     | app.core.monitor_collector:collect_all_hosts_metrics:192 - Metrics collected for 1 hosts
2026-05-16 20:01:00 | INFO     | app.core.monitor_collector:collect_all_hosts_metrics:192 - Metrics collected for 1 hosts
2026-05-16 20:01:00 | INFO     | app.core.monitor_collector:collect_all_hosts_metrics:192 - Metrics collected for 1 hosts
2026-05-16 20:01:00 | INFO     | app.core.monitor_collector:collect_all_hosts_metrics:192 - Metrics collected for 1 hosts
2026-05-16 20:01:00 | INFO     | app.core.monitor_collector:collect_all_hosts_metrics:192 - Metrics collected for 1 hosts
2026-05-16 20:02:02 | INFO     | app.core.monitor_collector:collect_all_hosts_metrics:192 - Metrics collected for 1 hosts
2026-05-16 20:02:02 | INFO     | app.core.monitor_collector:collect_all_hosts_metrics:192 - Metrics collected for 1 hosts
2026-05-16 20:02:02 | INFO     | app.core.monitor_collector:collect_all_hosts_metrics:192 - Metrics collected for 1 hosts
2026-05-16 20:02:02 | INFO     | app.core.monitor_collector:collect_all_hosts_metrics:192 - Metrics collected for 1 hosts
2026-05-16 20:02:52 | INFO     | app.core.ssh_log_collector:collect_host_ssh_logs:156 - SSH log collector: inserted 4 records for host 10.0.8.35
2026-05-16 20:02:52 | INFO     | app.core.ssh_log_collector:collect_host_ssh_logs:156 - SSH log collector: inserted 4 records for host 10.0.8.35
2026-05-16 20:02:52 | INFO     | app.core.ssh_log_collector:ssh_log_collector_loop:235 - SSH log collector: analyzed 0 records
2026-05-16 20:02:52 | INFO     | app.core.ssh_log_collector:ssh_log_collector_loop:235 - SSH log collector: analyzed 0 records
2026-05-16 20:03:05 | INFO     | app.core.monitor_collector:collect_all_hosts_metrics:192 - Metrics collected for 1 hosts
2026-05-16 20:03:05 | INFO     | app.core.monitor_collector:collect_all_hosts_metrics:192 - Metrics collected for 1 hosts
2026-05-16 20:03:05 | INFO     | app.core.monitor_collector:collect_all_hosts_metrics:192 - Metrics collected for 1 hosts
2026-05-16 20:03:05 | INFO     | app.core.monitor_collector:collect_all_hosts_metrics:192 - Metrics collected for 1 hosts
2026-05-16 20:04:07 | INFO     | app.core.monitor_collector:collect_all_hosts_metrics:192 - Metrics collected for 1 hosts
2026-05-16 20:04:07 | INFO     | app.core.monitor_collector:collect_all_hosts_metrics:192 - Metrics collected for 1 hosts
2026-05-16 20:04:07 | INFO     | app.core.monitor_collector:collect_all_hosts_metrics:192 - Metrics collected for 1 hosts
2026-05-16 20:04:07 | INFO     | app.core.monitor_collector:collect_all_hosts_metrics:192 - Metrics collected for 1 hosts
2026-05-16 20:04:24 | ERROR    | app.routers.webssh:read_ws:297 - WebSSH read_ws error: utf_8_encode() argument 1 must be str, not bytes
2026-05-16 20:05:09 | INFO     | app.core.monitor_collector:collect_all_hosts_metrics:192 - Metrics collected for 1 hosts
2026-05-16 20:05:09 | INFO     | app.core.monitor_collector:collect_all_hosts_metrics:192 - Metrics collected for 1 hosts
2026-05-16 20:05:09 | INFO     | app.core.monitor_collector:collect_all_hosts_metrics:192 - Metrics collected for 1 hosts
2026-05-16 20:05:09 | INFO     | app.core.monitor_collector:collect_all_hosts_metrics:192 - Metrics collected for 1 hosts
2026-05-16 20:06:10 | INFO     | app.core.monitor_collector:collect_all_hosts_metrics:192 - Metrics collected for 1 hosts
2026-05-16 20:06:10 | INFO     | app.core.monitor_collector:collect_all_hosts_metrics:192 - Metrics collected for 1 hosts
2026-05-16 20:06:10 | INFO     | app.core.monitor_collector:collect_all_hosts_metrics:192 - Metrics collected for 1 hosts
2026-05-16 20:06:10 | INFO     | app.core.monitor_collector:collect_all_hosts_metrics:192 - Metrics collected for 1 hosts
2026-05-16 20:07:12 | INFO     | app.core.monitor_collector:collect_all_hosts_metrics:192 - Metrics collected for 1 hosts
2026-05-16 20:07:12 | INFO     | app.core.monitor_collector:collect_all_hosts_metrics:192 - Metrics collected for 1 hosts
2026-05-16 20:07:12 | INFO     | app.core.monitor_collector:collect_all_hosts_metrics:192 - Metrics collected for 1 hosts
2026-05-16 20:07:12 | INFO     | app.core.monitor_collector:collect_all_hosts_metrics:192 - Metrics collected for 1 hosts
2026-05-16 20:07:52 | INFO     | app.core.ssh_log_collector:collect_host_ssh_logs:156 - SSH log collector: inserted 5 records for host 10.0.8.35
2026-05-16 20:07:52 | INFO     | app.core.ssh_log_collector:ssh_log_collector_loop:235 - SSH log collector: analyzed 0 records
2026-05-16 20:08:17 | INFO     | app.core.monitor_collector:collect_all_hosts_metrics:192 - Metrics collected for 1 hosts
2026-05-16 20:08:17 | INFO     | app.core.monitor_collector:collect_all_hosts_metrics:192 - Metrics collected for 1 hosts
2026-05-16 20:08:17 | INFO     | app.core.monitor_collector:collect_all_hosts_metrics:192 - Metrics collected for 1 hosts
2026-05-16 20:08:17 | INFO     | app.core.monitor_collector:collect_all_hosts_metrics:192 - Metrics collected for 1 hosts
2026-05-16 20:09:09 | INFO     | main:lifespan:108 - Shutting down...
2026-05-16 20:09:09 | INFO     | main:lifespan:108 - Shutting down...
2026-05-16 20:09:09 | INFO     | main:lifespan:108 - Shutting down...
2026-05-16 20:09:09 | INFO     | main:lifespan:121 - Cleanup complete
2026-05-16 20:09:09 | INFO     | main:lifespan:121 - Cleanup complete
2026-05-16 20:09:09 | INFO     | main:lifespan:121 - Cleanup complete
2026-05-16 20:09:09 | INFO     | main:lifespan:108 - Shutting down...
2026-05-16 20:09:09 | INFO     | main:lifespan:121 - Cleanup complete
2026-05-16 20:09:13 | INFO     | main:lifespan:81 - Starting CloudPivot in production mode
2026-05-16 20:09:13 | INFO     | main:lifespan:81 - Starting CloudPivot in production mode
2026-05-16 20:09:13 | INFO     | main:lifespan:81 - Starting CloudPivot in production mode
2026-05-16 20:09:13 | INFO     | main:lifespan:81 - Starting CloudPivot in production mode
2026-05-16 20:09:13 | INFO     | main:lifespan:87 - Database tables ensured
2026-05-16 20:09:13 | INFO     | main:lifespan:87 - Database tables ensured
2026-05-16 20:09:13 | INFO     | main:lifespan:87 - Database tables ensured
2026-05-16 20:09:13 | INFO     | main:lifespan:87 - Database tables ensured
2026-05-16 20:09:14 | INFO     | main:_ensure_default_admin:53 - Admin user already exists
2026-05-16 20:09:14 | INFO     | main:_ensure_default_admin:53 - Admin user already exists
2026-05-16 20:09:14 | INFO     | main:_ensure_default_admin:53 - Admin user already exists
2026-05-16 20:09:14 | INFO     | main:_ensure_default_admin:53 - Admin user already exists
2026-05-16 20:09:15 | INFO     | app.core.ssh_log_collector:collect_host_ssh_logs:156 - SSH log collector: inserted 2 records for host 10.0.8.35
2026-05-16 20:09:15 | INFO     | app.core.ssh_log_collector:collect_host_ssh_logs:156 - SSH log collector: inserted 2 records for host 10.0.8.35
2026-05-16 20:09:15 | INFO     | app.core.ssh_log_collector:collect_host_ssh_logs:156 - SSH log collector: inserted 2 records for host 10.0.8.35
2026-05-16 20:09:15 | INFO     | app.core.ssh_log_collector:ssh_log_collector_loop:235 - SSH log collector: analyzed 0 records
2026-05-16 20:09:15 | INFO     | app.core.ssh_log_collector:ssh_log_collector_loop:235 - SSH log collector: analyzed 0 records
2026-05-16 20:09:15 | INFO     | app.core.ssh_log_collector:ssh_log_collector_loop:235 - SSH log collector: analyzed 0 records
2026-05-16 20:09:17 | INFO     | app.core.monitor_collector:collect_all_hosts_metrics:192 - Metrics collected for 1 hosts
2026-05-16 20:09:17 | INFO     | app.core.monitor_collector:collect_all_hosts_metrics:192 - Metrics collected for 1 hosts
2026-05-16 20:09:17 | INFO     | app.core.monitor_collector:collect_all_hosts_metrics:192 - Metrics collected for 1 hosts
2026-05-16 20:09:17 | INFO     | app.core.monitor_collector:collect_all_hosts_metrics:192 - Metrics collected for 1 hosts
2026-05-16 20:10:19 | INFO     | app.core.monitor_collector:collect_all_hosts_metrics:192 - Metrics collected for 1 hosts
2026-05-16 20:10:19 | INFO     | app.core.monitor_collector:collect_all_hosts_metrics:192 - Metrics collected for 1 hosts
2026-05-16 20:10:19 | INFO     | app.core.monitor_collector:collect_all_hosts_metrics:192 - Metrics collected for 1 hosts
2026-05-16 20:10:20 | INFO     | app.core.monitor_collector:collect_all_hosts_metrics:192 - Metrics collected for 1 hosts
2026-05-16 20:10:37 | ERROR    | app.routers.webssh:read_ws:297 - WebSSH read_ws error: utf_8_encode() argument 1 must be str, not bytes
2026-05-16 20:11:21 | INFO     | app.core.monitor_collector:collect_all_hosts_metrics:192 - Metrics collected for 1 hosts
2026-05-16 20:11:21 | INFO     | app.core.monitor_collector:collect_all_hosts_metrics:192 - Metrics collected for 1 hosts
2026-05-16 20:11:21 | INFO     | app.core.monitor_collector:collect_all_hosts_metrics:192 - Metrics collected for 1 hosts
2026-05-16 20:11:21 | INFO     | app.core.monitor_collector:collect_all_hosts_metrics:192 - Metrics collected for 1 hosts
2026-05-16 20:12:23 | INFO     | app.core.monitor_collector:collect_all_hosts_metrics:192 - Metrics collected for 1 hosts
2026-05-16 20:12:23 | INFO     | app.core.monitor_collector:collect_all_hosts_metrics:192 - Metrics collected for 1 hosts
2026-05-16 20:12:23 | INFO     | app.core.monitor_collector:collect_all_hosts_metrics:192 - Metrics collected for 1 hosts
2026-05-16 20:12:23 | INFO     | app.core.monitor_collector:collect_all_hosts_metrics:192 - Metrics collected for 1 hosts
2026-05-16 20:13:25 | INFO     | app.core.monitor_collector:collect_all_hosts_metrics:192 - Metrics collected for 1 hosts
2026-05-16 20:13:25 | INFO     | app.core.monitor_collector:collect_all_hosts_metrics:192 - Metrics collected for 1 hosts
2026-05-16 20:13:25 | INFO     | app.core.monitor_collector:collect_all_hosts_metrics:192 - Metrics collected for 1 hosts
2026-05-16 20:13:25 | INFO     | app.core.monitor_collector:collect_all_hosts_metrics:192 - Metrics collected for 1 hosts
2026-05-16 20:14:15 | INFO     | app.core.ssh_log_collector:collect_host_ssh_logs:156 - SSH log collector: inserted 7 records for host 10.0.8.35
2026-05-16 20:14:15 | INFO     | app.core.ssh_log_collector:collect_host_ssh_logs:156 - SSH log collector: inserted 7 records for host 10.0.8.35
2026-05-16 20:14:15 | INFO     | app.core.ssh_log_collector:collect_host_ssh_logs:156 - SSH log collector: inserted 7 records for host 10.0.8.35
2026-05-16 20:14:15 | INFO     | app.core.ssh_log_collector:collect_host_ssh_logs:156 - SSH log collector: inserted 7 records for host 10.0.8.35
2026-05-16 20:14:15 | INFO     | app.core.ssh_log_collector:ssh_log_collector_loop:235 - SSH log collector: analyzed 0 records
2026-05-16 20:14:15 | INFO     | app.core.ssh_log_collector:ssh_log_collector_loop:235 - SSH log collector: analyzed 0 records
2026-05-16 20:14:15 | INFO     | app.core.ssh_log_collector:ssh_log_collector_loop:235 - SSH log collector: analyzed 0 records
2026-05-16 20:14:15 | INFO     | app.core.ssh_log_collector:ssh_log_collector_loop:235 - SSH log collector: analyzed 0 records
2026-05-16 20:14:28 | INFO     | app.core.monitor_collector:collect_all_hosts_metrics:192 - Metrics collected for 1 hosts
2026-05-16 20:14:28 | INFO     | app.core.monitor_collector:collect_all_hosts_metrics:192 - Metrics collected for 1 hosts
2026-05-16 20:14:28 | INFO     | app.core.monitor_collector:collect_all_hosts_metrics:192 - Metrics collected for 1 hosts
2026-05-16 20:14:28 | INFO     | app.core.monitor_collector:collect_all_hosts_metrics:192 - Metrics collected for 1 hosts
2026-05-16 20:15:30 | INFO     | app.core.monitor_collector:collect_all_hosts_metrics:192 - Metrics collected for 1 hosts
2026-05-16 20:15:30 | INFO     | app.core.monitor_collector:collect_all_hosts_metrics:192 - Metrics collected for 1 hosts
2026-05-16 20:15:30 | INFO     | app.core.monitor_collector:collect_all_hosts_metrics:192 - Metrics collected for 1 hosts
2026-05-16 20:15:30 | INFO     | app.core.monitor_collector:collect_all_hosts_metrics:192 - Metrics collected for 1 hosts
2026-05-16 20:16:32 | INFO     | app.core.monitor_collector:collect_all_hosts_metrics:192 - Metrics collected for 1 hosts
2026-05-16 20:16:32 | INFO     | app.core.monitor_collector:collect_all_hosts_metrics:192 - Metrics collected for 1 hosts
2026-05-16 20:16:32 | INFO     | app.core.monitor_collector:collect_all_hosts_metrics:192 - Metrics collected for 1 hosts
2026-05-16 20:16:32 | INFO     | app.core.monitor_collector:collect_all_hosts_metrics:192 - Metrics collected for 1 hosts
2026-05-16 20:17:34 | INFO     | app.core.monitor_collector:collect_all_hosts_metrics:192 - Metrics collected for 1 hosts
2026-05-16 20:17:34 | INFO     | app.core.monitor_collector:collect_all_hosts_metrics:192 - Metrics collected for 1 hosts
2026-05-16 20:17:34 | INFO     | app.core.monitor_collector:collect_all_hosts_metrics:192 - Metrics collected for 1 hosts
2026-05-16 20:17:34 | INFO     | app.core.monitor_collector:collect_all_hosts_metrics:192 - Metrics collected for 1 hosts
2026-05-16 20:18:36 | INFO     | app.core.monitor_collector:collect_all_hosts_metrics:192 - Metrics collected for 1 hosts
2026-05-16 20:18:36 | INFO     | app.core.monitor_collector:collect_all_hosts_metrics:192 - Metrics collected for 1 hosts
2026-05-16 20:18:36 | INFO     | app.core.monitor_collector:collect_all_hosts_metrics:192 - Metrics collected for 1 hosts
2026-05-16 20:18:36 | INFO     | app.core.monitor_collector:collect_all_hosts_metrics:192 - Metrics collected for 1 hosts
2026-05-16 20:19:15 | INFO     | app.core.ssh_log_collector:collect_host_ssh_logs:156 - SSH log collector: inserted 1 records for host 10.0.8.35
2026-05-16 20:19:15 | INFO     | app.core.ssh_log_collector:collect_host_ssh_logs:156 - SSH log collector: inserted 1 records for host 10.0.8.35
2026-05-16 20:19:15 | INFO     | app.core.ssh_log_collector:collect_host_ssh_logs:156 - SSH log collector: inserted 1 records for host 10.0.8.35
2026-05-16 20:19:15 | INFO     | app.core.ssh_log_collector:collect_host_ssh_logs:156 - SSH log collector: inserted 1 records for host 10.0.8.35
2026-05-16 20:19:15 | INFO     | app.core.ssh_log_collector:ssh_log_collector_loop:235 - SSH log collector: analyzed 0 records
2026-05-16 20:19:15 | INFO     | app.core.ssh_log_collector:ssh_log_collector_loop:235 - SSH log collector: analyzed 0 records
2026-05-16 20:19:15 | INFO     | app.core.ssh_log_collector:ssh_log_collector_loop:235 - SSH log collector: analyzed 0 records
2026-05-16 20:19:15 | INFO     | app.core.ssh_log_collector:ssh_log_collector_loop:235 - SSH log collector: analyzed 0 records
2026-05-16 20:19:39 | INFO     | app.core.monitor_collector:collect_all_hosts_metrics:192 - Metrics collected for 1 hosts
2026-05-16 20:19:39 | INFO     | app.core.monitor_collector:collect_all_hosts_metrics:192 - Metrics collected for 1 hosts
2026-05-16 20:19:39 | INFO     | app.core.monitor_collector:collect_all_hosts_metrics:192 - Metrics collected for 1 hosts
2026-05-16 20:19:39 | INFO     | app.core.monitor_collector:collect_all_hosts_metrics:192 - Metrics collected for 1 hosts
2026-05-16 20:20:41 | INFO     | app.core.monitor_collector:collect_all_hosts_metrics:192 - Metrics collected for 1 hosts
2026-05-16 20:20:41 | INFO     | app.core.monitor_collector:collect_all_hosts_metrics:192 - Metrics collected for 1 hosts
2026-05-16 20:20:41 | INFO     | app.core.monitor_collector:collect_all_hosts_metrics:192 - Metrics collected for 1 hosts
2026-05-16 20:20:41 | INFO     | app.core.monitor_collector:collect_all_hosts_metrics:192 - Metrics collected for 1 hosts
2026-05-16 20:21:43 | INFO     | app.core.monitor_collector:collect_all_hosts_metrics:192 - Metrics collected for 1 hosts
2026-05-16 20:21:43 | INFO     | app.core.monitor_collector:collect_all_hosts_metrics:192 - Metrics collected for 1 hosts
2026-05-16 20:21:43 | INFO     | app.core.monitor_collector:collect_all_hosts_metrics:192 - Metrics collected for 1 hosts
2026-05-16 20:21:43 | INFO     | app.core.monitor_collector:collect_all_hosts_metrics:192 - Metrics collected for 1 hosts
2026-05-16 20:22:45 | INFO     | app.core.monitor_collector:collect_all_hosts_metrics:192 - Metrics collected for 1 hosts
2026-05-16 20:22:45 | INFO     | app.core.monitor_collector:collect_all_hosts_metrics:192 - Metrics collected for 1 hosts
2026-05-16 20:22:45 | INFO     | app.core.monitor_collector:collect_all_hosts_metrics:192 - Metrics collected for 1 hosts
2026-05-16 20:22:45 | INFO     | app.core.monitor_collector:collect_all_hosts_metrics:192 - Metrics collected for 1 hosts
2026-05-16 20:23:46 | INFO     | app.core.monitor_collector:collect_all_hosts_metrics:192 - Metrics collected for 1 hosts
2026-05-16 20:23:46 | INFO     | app.core.monitor_collector:collect_all_hosts_metrics:192 - Metrics collected for 1 hosts
2026-05-16 20:23:47 | INFO     | app.core.monitor_collector:collect_all_hosts_metrics:192 - Metrics collected for 1 hosts
2026-05-16 20:23:47 | INFO     | app.core.monitor_collector:collect_all_hosts_metrics:192 - Metrics collected for 1 hosts
2026-05-16 20:24:16 | INFO     | app.core.ssh_log_collector:collect_host_ssh_logs:156 - SSH log collector: inserted 1 records for host 10.0.8.35
2026-05-16 20:24:16 | INFO     | app.core.ssh_log_collector:ssh_log_collector_loop:235 - SSH log collector: analyzed 0 records
2026-05-16 20:24:49 | INFO     | app.core.monitor_collector:collect_all_hosts_metrics:192 - Metrics collected for 1 hosts
2026-05-16 20:24:49 | INFO     | app.core.monitor_collector:collect_all_hosts_metrics:192 - Metrics collected for 1 hosts
2026-05-16 20:24:49 | INFO     | app.core.monitor_collector:collect_all_hosts_metrics:192 - Metrics collected for 1 hosts
2026-05-16 20:24:49 | INFO     | app.core.monitor_collector:collect_all_hosts_metrics:192 - Metrics collected for 1 hosts
2026-05-16 20:25:45 | INFO     | main:lifespan:109 - Shutting down...
2026-05-16 20:25:45 | INFO     | main:lifespan:122 - Cleanup complete
2026-05-16 20:25:45 | INFO     | main:lifespan:109 - Shutting down...
2026-05-16 20:25:45 | INFO     | main:lifespan:109 - Shutting down...
2026-05-16 20:25:45 | INFO     | main:lifespan:109 - Shutting down...
2026-05-16 20:25:45 | INFO     | main:lifespan:122 - Cleanup complete
2026-05-16 20:25:45 | INFO     | main:lifespan:122 - Cleanup complete
2026-05-16 20:25:45 | INFO     | main:lifespan:122 - Cleanup complete
